
> dtcproject@0.1.0 build
> next build

node.exe : [baseline-brows
er-mapping] The data in 
this module is over two 
months old.  To ensure 
accurate Baseline data, 
please update: `npm i base
line-browser-mapping@lates
t -D`
At line:1 char:1
+ & "C:\nvm4w\nodejs/node.
exe" "C:\nvm4w\nodejs/node
_modules/npm/bin/np ...
+ ~~~~~~~~~~~~~~~~~~~~~~~~
~~~~~~~~~~~~~~~~~~~~~~~~~~
~~~~~~~~~~~~~~~~~~~
    + CategoryInfo        
      : NotSpecified: ([  
  baseline-brows...ping   
 @latest -D`:String) [    
], RemoteException
    + FullyQualifiedError 
   Id : NativeCommandErr  
  or
 
   Γû▓ Next.js 16.0.5 (Turbopack)
   - Environments: .env.local

   Creating an optimized production build ...
[baseline-browser-mapping]
 The data in this module 
is over two months old.  
To ensure accurate 
Baseline data, please 
update: `npm i baseline-br
owser-mapping@latest -D`

> Build error occurred
Error: Turbopack build 
failed with 5 errors:
./app/(admin)/admin/collab
orators/page.tsx:1:1
Module not found: Can't 
resolve '@/components/admi
n/UserTable'
[0m[31m[1m>[22m[39m[
90m 1 |[39m 
[36mimport[39m 
[33mUserTable[39m 
[36mfrom[39m [32m"@/com
ponents/admin/UserTable"[
39m[33m;[39m
 [90m   |[39m [31m[1m^
[22m[39m[31m[1m^[22m
[39m[31m[1m^[22m[39m[
31m[1m^[22m[39m[31m[1
m^[22m[39m[31m[1m^[22
m[39m[31m[1m^[22m[39m
[31m[1m^[22m[39m[31m
[1m^[22m[39m[31m[1m^[
22m[39m[31m[1m^[22m[3
9m[31m[1m^[22m[39m[31
m[1m^[22m[39m[31m[1m^
[22m[39m[31m[1m^[22m
[39m[31m[1m^[22m[39m[
31m[1m^[22m[39m[31m[1
m^[22m[39m[31m[1m^[22
m[39m[31m[1m^[22m[39m
[31m[1m^[22m[39m[31m
[1m^[22m[39m[31m[1m^[
22m[39m[31m[1m^[22m[3
9m[31m[1m^[22m[39m[31
m[1m^[22m[39m[31m[1m^
[22m[39m[31m[1m^[22m
[39m[31m[1m^[22m[39m[
31m[1m^[22m[39m[31m[1
m^[22m[39m[31m[1m^[22
m[39m[31m[1m^[22m[39m
[31m[1m^[22m[39m[31m
[1m^[22m[39m[31m[1m^[
22m[39m[31m[1m^[22m[3
9m[31m[1m^[22m[39m[31
m[1m^[22m[39m[31m[1m^
[22m[39m[31m[1m^[22m
[39m[31m[1m^[22m[39m[
31m[1m^[22m[39m[31m[1
m^[22m[39m[31m[1m^[22
m[39m[31m[1m^[22m[39m
[31m[1m^[22m[39m[31m
[1m^[22m[39m[31m[1m^[
22m[39m[31m[1m^[22m[3
9m[31m[1m^[22m[39m[31
m[1m^[22m[39m[31m[1m^
[22m[39m
 [90m 2 |[39m
 [90m 3 |[39m 
[36mexport[39m 
[36mdefault[39m 
[36mfunction[39m [33mCo
llaboratorsPage[39m() {
 [90m 4 |[39m   
[36mreturn[39m [33m<[3
9m[33mUserTable[39m role
[33m=[39m[32m"Collabora
tor"[39m [33m/[39m[33m
>[39m[33m;[39m[0m

Import map: aliased to 
relative './components/adm
in/UserTable' inside of 
[project]/


https://nextjs.org/docs/me
ssages/module-not-found


./app/(admin)/admin/enroll
ment-managers/page.tsx:1:1
Module not found: Can't 
resolve '@/components/admi
n/UserTable'
[0m[31m[1m>[22m[39m[
90m 1 |[39m 
[36mimport[39m 
[33mUserTable[39m 
[36mfrom[39m [32m"@/com
ponents/admin/UserTable"[
39m[33m;[39m
 [90m   |[39m [31m[1m^
[22m[39m[31m[1m^[22m
[39m[31m[1m^[22m[39m[
31m[1m^[22m[39m[31m[1
m^[22m[39m[31m[1m^[22
m[39m[31m[1m^[22m[39m
[31m[1m^[22m[39m[31m
[1m^[22m[39m[31m[1m^[
22m[39m[31m[1m^[22m[3
9m[31m[1m^[22m[39m[31
m[1m^[22m[39m[31m[1m^
[22m[39m[31m[1m^[22m
[39m[31m[1m^[22m[39m[
31m[1m^[22m[39m[31m[1
m^[22m[39m[31m[1m^[22
m[39m[31m[1m^[22m[39m
[31m[1m^[22m[39m[31m
[1m^[22m[39m[31m[1m^[
22m[39m[31m[1m^[22m[3
9m[31m[1m^[22m[39m[31
m[1m^[22m[39m[31m[1m^
[22m[39m[31m[1m^[22m
[39m[31m[1m^[22m[39m[
31m[1m^[22m[39m[31m[1
m^[22m[39m[31m[1m^[22
m[39m[31m[1m^[22m[39m
[31m[1m^[22m[39m[31m
[1m^[22m[39m[31m[1m^[
22m[39m[31m[1m^[22m[3
9m[31m[1m^[22m[39m[31
m[1m^[22m[39m[31m[1m^
[22m[39m[31m[1m^[22m
[39m[31m[1m^[22m[39m[
31m[1m^[22m[39m[31m[1
m^[22m[39m[31m[1m^[22
m[39m[31m[1m^[22m[39m
[31m[1m^[22m[39m[31m
[1m^[22m[39m[31m[1m^[
22m[39m[31m[1m^[22m[3
9m[31m[1m^[22m[39m[31
m[1m^[22m[39m[31m[1m^
[22m[39m
 [90m 2 |[39m
 [90m 3 |[39m 
[36mexport[39m 
[36mdefault[39m 
[36mfunction[39m [33mEn
rollmentManagersPage[39m(
) {
 [90m 4 |[39m   
[36mreturn[39m [33m<[3
9m[33mUserTable[39m role
[33m=[39m[32m"Enrollmen
t Manager"[39m [33m/[39
m[33m>[39m[33m;[39m[0
m

Import map: aliased to 
relative './components/adm
in/UserTable' inside of 
[project]/


https://nextjs.org/docs/me
ssages/module-not-found


./app/(admin)/admin/instru
ctors/page.tsx:1:1
Module not found: Can't 
resolve '@/components/admi
n/UserTable'
[0m[31m[1m>[22m[39m[
90m 1 |[39m 
[36mimport[39m 
[33mUserTable[39m 
[36mfrom[39m [32m"@/com
ponents/admin/UserTable"[
39m[33m;[39m
 [90m   |[39m [31m[1m^
[22m[39m[31m[1m^[22m
[39m[31m[1m^[22m[39m[
31m[1m^[22m[39m[31m[1
m^[22m[39m[31m[1m^[22
m[39m[31m[1m^[22m[39m
[31m[1m^[22m[39m[31m
[1m^[22m[39m[31m[1m^[
22m[39m[31m[1m^[22m[3
9m[31m[1m^[22m[39m[31
m[1m^[22m[39m[31m[1m^
[22m[39m[31m[1m^[22m
[39m[31m[1m^[22m[39m[
31m[1m^[22m[39m[31m[1
m^[22m[39m[31m[1m^[22
m[39m[31m[1m^[22m[39m
[31m[1m^[22m[39m[31m
[1m^[22m[39m[31m[1m^[
22m[39m[31m[1m^[22m[3
9m[31m[1m^[22m[39m[31
m[1m^[22m[39m[31m[1m^
[22m[39m[31m[1m^[22m
[39m[31m[1m^[22m[39m[
31m[1m^[22m[39m[31m[1
m^[22m[39m[31m[1m^[22
m[39m[31m[1m^[22m[39m
[31m[1m^[22m[39m[31m
[1m^[22m[39m[31m[1m^[
22m[39m[31m[1m^[22m[3
9m[31m[1m^[22m[39m[31
m[1m^[22m[39m[31m[1m^
[22m[39m[31m[1m^[22m
[39m[31m[1m^[22m[39m[
31m[1m^[22m[39m[31m[1
m^[22m[39m[31m[1m^[22
m[39m[31m[1m^[22m[39m
[31m[1m^[22m[39m[31m
[1m^[22m[39m[31m[1m^[
22m[39m[31m[1m^[22m[3
9m[31m[1m^[22m[39m[31
m[1m^[22m[39m[31m[1m^
[22m[39m
 [90m 2 |[39m
 [90m 3 |[39m 
[36mexport[39m 
[36mdefault[39m 
[36mfunction[39m [33mIn
structorsPage[39m() {
 [90m 4 |[39m   
[36mreturn[39m [33m<[3
9m[33mUserTable[39m role
[33m=[39m[32m"Instructo
r"[39m [33m/[39m[33m>
[39m[33m;[39m[0m

Import map: aliased to 
relative './components/adm
in/UserTable' inside of 
[project]/


https://nextjs.org/docs/me
ssages/module-not-found


./app/(admin)/admin/studen
ts/page.tsx:1:1
Module not found: Can't 
resolve '@/components/admi
n/UserTable'
[0m[31m[1m>[22m[39m[
90m 1 |[39m 
[36mimport[39m 
[33mUserTable[39m 
[36mfrom[39m [32m"@/com
ponents/admin/UserTable"[
39m[33m;[39m
 [90m   |[39m [31m[1m^
[22m[39m[31m[1m^[22m
[39m[31m[1m^[22m[39m[
31m[1m^[22m[39m[31m[1
m^[22m[39m[31m[1m^[22
m[39m[31m[1m^[22m[39m
[31m[1m^[22m[39m[31m
[1m^[22m[39m[31m[1m^[
22m[39m[31m[1m^[22m[3
9m[31m[1m^[22m[39m[31
m[1m^[22m[39m[31m[1m^
[22m[39m[31m[1m^[22m
[39m[31m[1m^[22m[39m[
31m[1m^[22m[39m[31m[1
m^[22m[39m[31m[1m^[22
m[39m[31m[1m^[22m[39m
[31m[1m^[22m[39m[31m
[1m^[22m[39m[31m[1m^[
22m[39m[31m[1m^[22m[3
9m[31m[1m^[22m[39m[31
m[1m^[22m[39m[31m[1m^
[22m[39m[31m[1m^[22m
[39m[31m[1m^[22m[39m[
31m[1m^[22m[39m[31m[1
m^[22m[39m[31m[1m^[22
m[39m[31m[1m^[22m[39m
[31m[1m^[22m[39m[31m
[1m^[22m[39m[31m[1m^[
22m[39m[31m[1m^[22m[3
9m[31m[1m^[22m[39m[31
m[1m^[22m[39m[31m[1m^
[22m[39m[31m[1m^[22m
[39m[31m[1m^[22m[39m[
31m[1m^[22m[39m[31m[1
m^[22m[39m[31m[1m^[22
m[39m[31m[1m^[22m[39m
[31m[1m^[22m[39m[31m
[1m^[22m[39m[31m[1m^[
22m[39m[31m[1m^[22m[3
9m[31m[1m^[22m[39m[31
m[1m^[22m[39m[31m[1m^
[22m[39m
 [90m 2 |[39m
 [90m 3 |[39m 
[36mexport[39m 
[36mdefault[39m 
[36mfunction[39m 
[33mStudentsPage[39m() {
 [90m 4 |[39m   
[36mreturn[39m [33m<[3
9m[33mUserTable[39m role
[33m=[39m[32m"Student"
[39m [33m/[39m[33m>[39
m[33m;[39m[0m

Import map: aliased to 
relative './components/adm
in/UserTable' inside of 
[project]/


https://nextjs.org/docs/me
ssages/module-not-found


./app/(admin)/admin/traini
ng-managers/page.tsx:1:1
Module not found: Can't 
resolve '@/components/admi
n/UserTable'
[0m[31m[1m>[22m[39m[
90m 1 |[39m 
[36mimport[39m 
[33mUserTable[39m 
[36mfrom[39m [32m"@/com
ponents/admin/UserTable"[
39m[33m;[39m
 [90m   |[39m [31m[1m^
[22m[39m[31m[1m^[22m
[39m[31m[1m^[22m[39m[
31m[1m^[22m[39m[31m[1
m^[22m[39m[31m[1m^[22
m[39m[31m[1m^[22m[39m
[31m[1m^[22m[39m[31m
[1m^[22m[39m[31m[1m^[
22m[39m[31m[1m^[22m[3
9m[31m[1m^[22m[39m[31
m[1m^[22m[39m[31m[1m^
[22m[39m[31m[1m^[22m
[39m[31m[1m^[22m[39m[
31m[1m^[22m[39m[31m[1
m^[22m[39m[31m[1m^[22
m[39m[31m[1m^[22m[39m
[31m[1m^[22m[39m[31m
[1m^[22m[39m[31m[1m^[
22m[39m[31m[1m^[22m[3
9m[31m[1m^[22m[39m[31
m[1m^[22m[39m[31m[1m^
[22m[39m[31m[1m^[22m
[39m[31m[1m^[22m[39m[
31m[1m^[22m[39m[31m[1
m^[22m[39m[31m[1m^[22
m[39m[31m[1m^[22m[39m
[31m[1m^[22m[39m[31m
[1m^[22m[39m[31m[1m^[
22m[39m[31m[1m^[22m[3
9m[31m[1m^[22m[39m[31
m[1m^[22m[39m[31m[1m^
[22m[39m[31m[1m^[22m
[39m[31m[1m^[22m[39m[
31m[1m^[22m[39m[31m[1
m^[22m[39m[31m[1m^[22
m[39m[31m[1m^[22m[39m
[31m[1m^[22m[39m[31m
[1m^[22m[39m[31m[1m^[
22m[39m[31m[1m^[22m[3
9m[31m[1m^[22m[39m[31
m[1m^[22m[39m[31m[1m^
[22m[39m
 [90m 2 |[39m
 [90m 3 |[39m 
[36mexport[39m 
[36mdefault[39m 
[36mfunction[39m [33mTr
ainingManagersPage[39m() 
{
 [90m 4 |[39m   
[36mreturn[39m [33m<[3
9m[33mUserTable[39m role
[33m=[39m[32m"Training 
Manager"[39m [33m/[39m
[33m>[39m[33m;[39m[0m

Import map: aliased to 
relative './components/adm
in/UserTable' inside of 
[project]/


https://nextjs.org/docs/me
ssages/module-not-found


    at <unknown> (./app/(a
dmin)/admin/collaborators/
page.tsx:1:1)
    at <unknown> (https://
nextjs.org/docs/messages/m
odule-not-found)
    at <unknown> (./app/(a
dmin)/admin/enrollment-man
agers/page.tsx:1:1)
    at <unknown> (https://
nextjs.org/docs/messages/m
odule-not-found)
    at <unknown> (./app/(a
dmin)/admin/instructors/pa
ge.tsx:1:1)
    at <unknown> (https://
nextjs.org/docs/messages/m
odule-not-found)
    at <unknown> (./app/(a
dmin)/admin/students/page.
tsx:1:1)
    at <unknown> (https://
nextjs.org/docs/messages/m
odule-not-found)
    at <unknown> (./app/(a
dmin)/admin/training-manag
ers/page.tsx:1:1)
    at <unknown> (https://
nextjs.org/docs/messages/m
odule-not-found)
